=== Dodam Mindcare Redesign Verification Log ===
Date: 2026-07-21
Task ID: dodam-mindcare-redesign

[Check 1: Space Photos Preservation]
Directory: /Users/build-upchurch/websites/dodam-mindcare/사진
Photo Count: 43 (VERIFIED - 100% Intact)

[Check 2: Counselor Placeholders Preservation]
Found PLACEHOLDER tags in index.html:
- [PLACEHOLDER: 최지혜 사진] (Line 286)
- [PLACEHOLDER: 손선재 사진] (Line 386)
- [PLACEHOLDER: 황을호 사진] (Line 459)
- [PLACEHOLDER: 이평순 사진] (Line 507)
- [PLACEHOLDER: 최윤정 사진] (Line 559)
Status: 5/5 Placeholders Preserved Intact (VERIFIED)

[Check 3: Color Palette & Imagery Verification]
- Background: Bright Ivory (#FDFBF7 / #F6F1E9)
- Accent: Sage Green (#3E5A4C) & Wood Brown (#7B5E43)
- Hero background: Unsplash warm atmosphere photo + Sage Green semi-transparent overlay
- Section cards: Difference (5 cards), Service (7 cards), Intro (1 card), Approach, Test, Program (4 cards) with Unsplash images + Sage Green overlays.

[Check 4: Local HTTP Server Status]
URL: http://localhost:8086/index.html
Response: HTTP 200 OK (Content-Length: 58163)

[Check 5: Git Status]
Modified Scope: index.html, css/style.css
Untracked/Modified Outside Scope: None
