=== Dodam Mindcare Mobile Dropdown Navigation Verification Log ===
Date: 2026-07-21
Task ID: dodam-mindcare-mobile-menu-dropdown

[Check 1: Mobile CSS Dropdown Styling (@media max-width: 768px)]
Properties Verified in css/style.css:
  - Position: position: absolute; top: 100%; left: 0; width: 100%;
  - Height: height: auto; max-height: calc(100vh - 70px); overflow-y: auto;
  - Alignment: flex-direction: column; align-items: flex-start; justify-content: flex-start; gap: 0;
  - Background & Shadow: background-color: var(--bg-white); box-shadow: 0 10px 25px rgba(44, 37, 32, 0.12);
  - Transitions: opacity: 0 -> 1; visibility: hidden -> visible; transform: translateY(-8px) -> translateY(0);
Status: VERIFIED (Header-attached top left-aligned dropdown menu)

[Check 2: Mobile Nav Link Styles]
Properties Verified:
  - Alignment & Width: width: 100%; text-align: left; padding: 14px 24px;
  - Separator: border-bottom: 1px solid var(--bg-secondary);
  - Hover/Active state: background-color: var(--color-sage-light); color: var(--color-sage-dark); padding-left: 28px;
Status: VERIFIED (Left-aligned, full-width touch targets with clear feedback)

[Check 3: JS Toggle & Auto Close Behavior]
Event Handlers in js/main.js:
  - Toggle: navToggle click -> navMenu.classList.toggle('active')
  - Auto-close: navLinks click -> navMenu.classList.remove('active')
Status: VERIFIED (Dropdown opens on toggle, closes on section link click)

[Check 4: Desktop Viewport Regression Check (> 768px)]
Desktop Styling:
  - Horizontal navbar layout preserved (.nav { display: flex; gap: 32px; })
  - Button.nav-toggle hidden (.nav-toggle { display: none; })
Status: VERIFIED (Zero regression on desktop)

[Check 5: Local HTTP Verification]
URL: http://localhost:8086/css/style.css
Response: HTTP 200 OK
Status: VERIFIED
